
Allocating common symbols
Common symbol       size              file

stack               0x4000            binaries/start.o

Discarded input sections

 .group         0x0000000000000000        0x8 binaries/ascdate.o
 .group         0x0000000000000000        0x8 binaries/bufinit.o
 .group         0x0000000000000000        0x8 binaries/chprio.o
 .group         0x0000000000000000        0x8 binaries/clkhandler.o
 .text.__x86.get_pc_thunk.bx
                0x0000000000000000        0x4 binaries/clkhandler.o
 .group         0x0000000000000000        0x8 binaries/clkinit.o
 .text.__x86.get_pc_thunk.bx
                0x0000000000000000        0x4 binaries/clkinit.o
 .group         0x0000000000000000        0x8 binaries/close.o
 .text.__x86.get_pc_thunk.bx
                0x0000000000000000        0x4 binaries/close.o
 .group         0x0000000000000000        0x8 binaries/control.o
 .text.__x86.get_pc_thunk.bx
                0x0000000000000000        0x4 binaries/control.o
 .group         0x0000000000000000        0x8 binaries/create.o
 .group         0x0000000000000000        0x8 binaries/create.o
 .text.__x86.get_pc_thunk.cx
                0x0000000000000000        0x4 binaries/create.o
 .text.__x86.get_pc_thunk.bx
                0x0000000000000000        0x4 binaries/create.o
 .group         0x0000000000000000        0x8 binaries/evec.o
 .group         0x0000000000000000        0x8 binaries/evec.o
 .text.__x86.get_pc_thunk.ax
                0x0000000000000000        0x4 binaries/evec.o
 .text.__x86.get_pc_thunk.bx
                0x0000000000000000        0x4 binaries/evec.o
 .group         0x0000000000000000        0x8 binaries/exit.o
 .text.__x86.get_pc_thunk.bx
                0x0000000000000000        0x4 binaries/exit.o
 .group         0x0000000000000000        0x8 binaries/freebuf.o
 .text.__x86.get_pc_thunk.bx
                0x0000000000000000        0x4 binaries/freebuf.o
 .group         0x0000000000000000        0x8 binaries/freemem.o
 .text.__x86.get_pc_thunk.bx
                0x0000000000000000        0x4 binaries/freemem.o
 .group         0x0000000000000000        0x8 binaries/getbuf.o
 .text.__x86.get_pc_thunk.bx
                0x0000000000000000        0x4 binaries/getbuf.o
 .group         0x0000000000000000        0x8 binaries/getc.o
 .text.__x86.get_pc_thunk.bx
                0x0000000000000000        0x4 binaries/getc.o
 .group         0x0000000000000000        0x8 binaries/getdev.o
 .text.__x86.get_pc_thunk.bx
                0x0000000000000000        0x4 binaries/getdev.o
 .group         0x0000000000000000        0x8 binaries/getitem.o
 .text.__x86.get_pc_thunk.ax
                0x0000000000000000        0x4 binaries/getitem.o
 .group         0x0000000000000000        0x8 binaries/getmem.o
 .text.__x86.get_pc_thunk.bx
                0x0000000000000000        0x4 binaries/getmem.o
 .group         0x0000000000000000        0x8 binaries/getpid.o
 .text.__x86.get_pc_thunk.ax
                0x0000000000000000        0x4 binaries/getpid.o
 .group         0x0000000000000000        0x8 binaries/getprio.o
 .text.__x86.get_pc_thunk.bx
                0x0000000000000000        0x4 binaries/getprio.o
 .group         0x0000000000000000        0x8 binaries/getstk.o
 .text.__x86.get_pc_thunk.bx
                0x0000000000000000        0x4 binaries/getstk.o
 .group         0x0000000000000000        0x8 binaries/getticks.o
 .text.__x86.get_pc_thunk.ax
                0x0000000000000000        0x4 binaries/getticks.o
 .group         0x0000000000000000        0x8 binaries/gettime.o
 .text.__x86.get_pc_thunk.ax
                0x0000000000000000        0x4 binaries/gettime.o
 .group         0x0000000000000000        0x8 binaries/getutime.o
 .text.__x86.get_pc_thunk.bx
                0x0000000000000000        0x4 binaries/getutime.o
 .group         0x0000000000000000        0x8 binaries/i386.o
 .text.__x86.get_pc_thunk.bx
                0x0000000000000000        0x4 binaries/i386.o
 .group         0x0000000000000000        0x8 binaries/init.o
 .text.__x86.get_pc_thunk.bx
                0x0000000000000000        0x4 binaries/init.o
 .group         0x0000000000000000        0x8 binaries/initialize.o
 .group         0x0000000000000000        0x8 binaries/initialize.o
 .text.__x86.get_pc_thunk.ax
                0x0000000000000000        0x4 binaries/initialize.o
 .text.__x86.get_pc_thunk.bx
                0x0000000000000000        0x4 binaries/initialize.o
 .group         0x0000000000000000        0x8 binaries/insert.o
 .text.__x86.get_pc_thunk.ax
                0x0000000000000000        0x4 binaries/insert.o
 .group         0x0000000000000000        0x8 binaries/insertd.o
 .text.__x86.get_pc_thunk.ax
                0x0000000000000000        0x4 binaries/insertd.o
 .group         0x0000000000000000        0x8 binaries/ioerr.o
 .text.__x86.get_pc_thunk.ax
                0x0000000000000000        0x4 binaries/ioerr.o
 .group         0x0000000000000000        0x8 binaries/ionull.o
[...]
Memory Configuration

Name             Origin             Length             Attributes
*default*        0x0000000000000000 0xffffffffffffffff

Linker script and memory map

                0x0000000000100000                physbase = 0x100000
                0x0000000000100000                . = physbase
                0x0000000000100000                . = ALIGN (0x1000)

.text           0x0000000000100000    0x76000
                0x0000000000100000                text = ABSOLUTE (.)
 *(.text .text.*)
 .text          0x0000000000100000      0x15c binaries/start.o
                0x0000000000100000                _start
                0x0000000000100000                start
                0x000000000010009c                inb
                0x00000000001000a4                inw
                0x00000000001000ad                inl
                0x00000000001000b5                outb
                0x00000000001000bf                outw
                0x00000000001000ca                outl
                0x00000000001000d4                _rtcin
                0x00000000001000df                ___udivsi3
                0x00000000001000ea                ___divsi3
                0x00000000001000f6                sbzero
                0x0000000000100106                bcopy
                0x000000000010011a                insw
                0x0000000000100130                outsw
                0x0000000000100146                lidt
 .text          0x000000000010015c      0x422 binaries/ascdate.o
                0x000000000010015c                ascdate
 .text.__x86.get_pc_thunk.cx
                0x000000000010057e        0x4 binaries/ascdate.o
                0x000000000010057e                __x86.get_pc_thunk.cx
 .text          0x0000000000100582       0x1e binaries/bufinit.o
                0x0000000000100582                bufinit
 .text.__x86.get_pc_thunk.ax
                0x00000000001005a0        0x4 binaries/bufinit.o
                0x00000000001005a0                __x86.get_pc_thunk.ax
 .text          0x00000000001005a4       0x96 binaries/chprio.o
                0x00000000001005a4                chprio
 .text.__x86.get_pc_thunk.bx
                0x000000000010063a        0x4 binaries/chprio.o
                0x000000000010063a                __x86.get_pc_thunk.bx
 .text          0x000000000010063e       0xda binaries/clkhandler.o
                0x000000000010063e                clkhandler
 .text          0x0000000000100718       0x8f binaries/clkinit.o
                0x0000000000100718                clkinit
 .text          0x00000000001007a7       0x7f binaries/close.o
                0x00000000001007a7                close
 .text          0x0000000000100826        0x0 binaries/conf.o
 .text          0x0000000000100826       0x85 binaries/control.o
                0x0000000000100826                control
 .text          0x00000000001008ab      0x2f6 binaries/create.o
                0x00000000001008ab                create
 .text          0x0000000000100ba1      0x3be binaries/evec.o
                0x0000000000100ba1                initevec
                0x0000000000100c0a                set_evec
                0x0000000000100ccd                trap
 .text          0x0000000000100f5f       0x29 binaries/exit.o
                0x0000000000100f5f                exit
 .text          0x0000000000100f88       0xa1 binaries/freebuf.o
                0x0000000000100f88                freebuf
 .text          0x0000000000101029      0x195 binaries/freemem.o
                0x0000000000101029                freemem
 .text          0x00000000001011be       0x9f binaries/getbuf.o
                0x00000000001011be                getbuf
 .text          0x000000000010125d       0x7f binaries/getc.o
                0x000000000010125d                getc
 .text          0x00000000001012dc       0x80 binaries/getdev.o
                0x00000000001012dc                getdev
 .text          0x000000000010135c      0x118 binaries/getitem.o
                0x000000000010135c                getfirst
                0x00000000001013b3                getlast
                0x000000000010140d                getitem
 .text          0x0000000000101474      0x132 binaries/getmem.o
                0x0000000000101474                getmem
 .text          0x00000000001015a6       0x17 binaries/getpid.o
                0x00000000001015a6                getpid
 .text          0x00000000001015bd       0x7f binaries/getprio.o
                0x00000000001015bd                getprio
 .text          0x000000000010163c      0x119 binaries/getstk.o
                0x000000000010163c                getstk
 .text          0x0000000000101755       0x20 binaries/getticks.o
                0x0000000000101755                getticks
 .text          0x0000000000101775       0x4a binaries/gettime.o
                0x0000000000101775                gettime
 .text          0x00000000001017bf      0x211 binaries/getutime.o
                0x00000000001017bf                getutime
 .text          0x00000000001019d0      0x38a binaries/i386.o
                0x00000000001019d0                setsegs
                0x0000000000101a79                init8259
                0x0000000000101b3b                pseg
                0x0000000000101cf1                setirmask
 .text          0x0000000000101d5a       0x7f binaries/init.o
                0x0000000000101d5a                init
 .text          0x0000000000101dd9      0x43d binaries/initialize.o
                0x0000000000101dd9                nulluser
                0x00000000001021af                stop
                0x00000000001021ea                delay
 .text          0x0000000000102216      0x103 binaries/insert.o
                0x0000000000102216                insert
 .text          0x0000000000102319      0x145 binaries/insertd.o
                0x0000000000102319                insertd
 .text          0x000000000010245e       0x14 binaries/ioerr.o
                0x000000000010245e                ioerr
 .text          0x0000000000102472       0x14 binaries/ionull.o
                0x0000000000102472                ionull
 .text          0x0000000000102486      0x1be binaries/kill.o
                0x0000000000102486                kill
 .text          0x0000000000102644      0x180 binaries/kprintf.o
                0x0000000000102644                kputc
                0x00000000001026e4                kgetc
                0x0000000000102788                kprintf
 .text          0x00000000001027c4      0x1de binaries/main.o
                0x00000000001027c4                main
 .text          0x00000000001029a2       0xda binaries/mark.o
                0x00000000001029a2                markinit
                0x00000000001029d7                mark
 .text          0x0000000000102a7c       0xeb binaries/meminit.o
                0x0000000000102a7c                meminit
 .text          0x0000000000102b67      0x194 binaries/mkbufpool.o
                0x0000000000102b67                mkbufpool
 .text          0x0000000000102cfb       0xc0 binaries/newqueue.o
                0x0000000000102cfb                newqueue
 .text          0x0000000000102dbb       0x85 binaries/open.o
                0x0000000000102dbb                open
 .text          0x0000000000102e40       0x2e binaries/panic.o
                0x0000000000102e40                panic
 .text          0x0000000000102e6e      0x529 binaries/pci.o
                0x0000000000102e6e                pci_init
                0x000000000010317e                find_pci_device
                0x00000000001031d7                pci_bios_read_config_byte
                0x0000000000103221                pci_bios_read_config_word
                0x000000000010326c                pci_bios_read_config_dword
                0x00000000001032b6                pci_bios_write_config_byte
                0x0000000000103303                pci_bios_write_config_word
                0x0000000000103351                pci_bios_write_config_dword
 .text.__x86.get_pc_thunk.si
                0x0000000000103397        0x4 binaries/pci.o
                0x0000000000103397                __x86.get_pc_thunk.si
 .text          0x000000000010339b      0x104 binaries/ptclear.o
                0x000000000010339b                _ptclear
 .text          0x000000000010349f       0xb0 binaries/ptcount.o
                0x000000000010349f                ptcount
 .text          0x000000000010354f      0x138 binaries/ptcreate.o
                0x000000000010354f                ptcreate
 .text          0x0000000000103687       0x95 binaries/ptdelete.o
                0x0000000000103687                ptdelete
 .text          0x000000000010371c       0xd9 binaries/ptinit.o
                0x000000000010371c                ptinit
 .text          0x00000000001037f5      0x137 binaries/ptrecv.o
                0x00000000001037f5                ptrecv
 .text          0x000000000010392c       0x8a binaries/ptreset.o
                0x000000000010392c                ptreset
 .text          0x00000000001039b6      0x15c binaries/ptsend.o
                0x00000000001039b6                ptsend
 .text          0x0000000000103b12       0x8a binaries/putc.o
                0x0000000000103b12                putc
 .text          0x0000000000103b9c      0x128 binaries/queue.o
                0x0000000000103b9c                enqueue
                0x0000000000103c47                dequeue
 .text          0x0000000000103cc4       0x85 binaries/read.o
                0x0000000000103cc4                read
 .text          0x0000000000103d49       0x7d binaries/ready.o
                0x0000000000103d49                ready
 .text          0x0000000000103dc6       0x6e binaries/receive.o
                0x0000000000103dc6                receive
 .text          0x0000000000103e34       0x6a binaries/recvclr.o
                0x0000000000103e34                recvclr
 .text          0x0000000000103e9e       0xd0 binaries/recvtime.o
                0x0000000000103e9e                recvtime
 .text          0x0000000000103f6e      0x1a3 binaries/resched.o
                0x0000000000103f6e                resched
                0x000000000010408a                resched_cntl
 .text          0x0000000000104111       0xb3 binaries/resume.o
                0x0000000000104111                resume
 .text          0x00000000001041c4       0x83 binaries/seek.o
                0x00000000001041c4                seek
 .text          0x0000000000104247       0x88 binaries/semcount.o
                0x0000000000104247                semcount
 .text          0x00000000001042cf      0x101 binaries/semcreate.o
                0x00000000001042cf                semcreate
 .text          0x00000000001043d0       0xe1 binaries/semdelete.o
                0x00000000001043d0                semdelete
 .text          0x00000000001044b1       0xe5 binaries/semreset.o
                0x00000000001044b1                semreset
 .text          0x0000000000104596       0xf1 binaries/send.o
                0x0000000000104596                send
 .text          0x0000000000104687       0xbc binaries/signal.o
                0x0000000000104687                signal
 .text          0x0000000000104743       0xeb binaries/signaln.o
                0x0000000000104743                signaln
 .text          0x000000000010482e       0xf1 binaries/sleep.o
                0x000000000010482e                sleep
                0x0000000000104870                sleepms
 .text          0x000000000010491f      0x1a7 binaries/stacktrace.o
                0x000000000010491f                stacktrace
 .text          0x0000000000104ac6       0xeb binaries/suspend.o
                0x0000000000104ac6                suspend
 .text          0x0000000000104bb1       0xf6 binaries/unsleep.o
                0x0000000000104bb1                unsleep
 .text          0x0000000000104ca7       0x29 binaries/userret.o
                0x0000000000104ca7                userret
 .text          0x0000000000104cd0       0xf0 binaries/wait.o
                0x0000000000104cd0                wait
 .text          0x0000000000104dc0       0x9a binaries/wakeup.o
                0x0000000000104dc0                wakeup
 .text          0x0000000000104e5a       0x85 binaries/write.o
                0x0000000000104e5a                write
 .text          0x0000000000104edf       0x2f binaries/xdone.o
                0x0000000000104edf                xdone
 .text          0x0000000000104f0e       0x37 binaries/yield.o
                0x0000000000104f0e                yield
 .text          0x0000000000104f45       0x1b binaries/abs.o
                0x0000000000104f45                abs
 .text          0x0000000000104f60       0xa6 binaries/atoi.o
                0x0000000000104f60                atoi
 .text          0x0000000000105006       0xa6 binaries/atol.o
                0x0000000000105006                atol
 .text          0x00000000001050ac       0x3d binaries/bzero.o
                0x00000000001050ac                bzero
 .text          0x00000000001050e9        0x0 binaries/ctype_.o
 .text          0x00000000001050e9      0x9d9 binaries/doprnt.o
                0x00000000001050e9                _doprnt
 .text.__x86.get_pc_thunk.dx
                0x0000000000105ac2        0x4 binaries/doprnt.o
                0x0000000000105ac2                __x86.get_pc_thunk.dx
 .text          0x0000000000105ac6      0x715 binaries/doscan.o
                0x0000000000105ac6                _doscan
 .text.__x86.get_pc_thunk.di
                0x00000000001061db        0x4 binaries/doscan.o
                0x00000000001061db                __x86.get_pc_thunk.di
 .text          0x00000000001061df      0x7cc binaries/fdoprnt.o
                0x00000000001061df                _fdoprnt
 .text          0x00000000001069ab       0x39 binaries/fgetc.o
                0x00000000001069ab                fgetc
 .text          0x00000000001069e4       0x85 binaries/fgets.o
                0x00000000001069e4                fgets
 .text          0x0000000000106a69       0x3c binaries/fprintf.o
                0x0000000000106a69                fprintf
 .text          0x0000000000106aa5       0x3c binaries/fputc.o
                0x0000000000106aa5                fputc
 .text          0x0000000000106ae1       0x53 binaries/fputs.o
                0x0000000000106ae1                fputs
 .text          0x0000000000106b34       0xb6 binaries/fscanf.o
                0x0000000000106b34                fscanf
 .text          0x0000000000106bea       0x40 binaries/getchar.o
                0x0000000000106bea                getchar
 .text          0x0000000000106c2a      0x61a binaries/gui.o
                0x0000000000106c2a                rgb16_to_rgb32
                0x0000000000106cf6                gui_set_pixel
                0x0000000000106d48                gui_pixel
                0x0000000000106dd8                gui_paint_screen
                0x0000000000106f24                check_bit
                0x0000000000106f5c                draw_char_on_buffer
                0x000000000010701e                gui_print_text_on_vga
                0x000000000010707d                gui_draw_image
                0x0000000000107124                gui_draw_rect
                0x0000000000107184                gui_draw_hollow_rect
 .text          0x0000000000107244       0x1b binaries/labs.o
                0x0000000000107244                labs
 .text          0x000000000010725f        0x0 binaries/memchr.o
 .text          0x000000000010725f       0x5f binaries/memcmp.o
                0x000000000010725f                memcmp
 .text          0x00000000001072be       0x4b binaries/memcpy.o
                0x00000000001072be                memcpy
 .text          0x0000000000107309       0x3c binaries/memset.o
                0x0000000000107309                memset
 .text          0x0000000000107345       0x56 binaries/printf.o
                0x0000000000107345                printf
 .text          0x000000000010739b       0x43 binaries/putchar.o
                0x000000000010739b                putchar
 .text          0x00000000001073de      0x2b6 binaries/qsort.o
                0x00000000001073de                qsort
 .text          0x0000000000107694       0x80 binaries/rand.o
                0x0000000000107694                rand
                0x00000000001076b8                rand_r
                0x00000000001076fb                srand
 .text          0x0000000000107714       0x84 binaries/sprintf.o
                0x0000000000107714                sprintf
 .text          0x0000000000107798       0x9b binaries/sscanf.o
                0x0000000000107798                sscanf
 .text          0x0000000000107833       0x4a binaries/strchr.o
                0x0000000000107833                strchr
 .text          0x000000000010787d       0x56 binaries/strcmp.o
                0x000000000010787d                strcmp
 .text          0x00000000001078d3       0x33 binaries/strcpy.o
                0x00000000001078d3                strcpy
 .text          0x0000000000107906       0x32 binaries/strlen.o
                0x0000000000107906                strlen
 .text          0x0000000000107938       0x66 binaries/strncat.o
                0x0000000000107938                strncat
 .text          0x000000000010799e       0x6f binaries/strncmp.o
                0x000000000010799e                strncmp
 .text          0x0000000000107a0d       0x5f binaries/strncpy.o
                0x0000000000107a0d                strncpy
 .text          0x0000000000107a6c       0x3a binaries/strnlen.o
                0x0000000000107a6c                strnlen
 .text          0x0000000000107aa6       0x53 binaries/strrchr.o
                0x0000000000107aa6                strrchr
 .text          0x0000000000107af9       0x83 binaries/strstr.o
                0x0000000000107af9                strstr
 .text          0x0000000000107b7c       0xf8 binaries/ttycontrol.o
                0x0000000000107b7c                ttycontrol
 .text          0x0000000000107c74       0xaa binaries/ttygetc.o
                0x0000000000107c74                ttygetc
 .text          0x0000000000107d1e      0x74d binaries/ttyhandle_in.o
                0x0000000000107d1e                ttyhandle_in
 .text          0x000000000010846b      0x1c6 binaries/ttyhandle_out.o
                0x000000000010846b                ttyhandle_out
 .text          0x0000000000108631       0xdb binaries/ttyhandler.o
                0x0000000000108631                ttyhandler
 .text          0x000000000010870c      0x23a binaries/ttyinit.o
                0x000000000010870c                ttyinit
 .text          0x0000000000108946       0x2d binaries/ttykickout.o
                0x0000000000108946                ttykickout
 .text          0x0000000000108973       0xc7 binaries/ttyputc.o
                0x0000000000108973                ttyputc
 .text          0x0000000000108a3a      0x12e binaries/ttyread.o
                0x0000000000108a3a                ttyread
 .text          0x0000000000108b68       0x5e binaries/ttywrite.o
                0x0000000000108b68                ttywrite
 .text          0x0000000000108bc6      0x173 binaries/mount.o
                0x0000000000108bc6                mount
                0x0000000000108cf5                namlen
 .text          0x0000000000108d39      0x221 binaries/naminit.o
                0x0000000000108d39                naminit
 .text          0x0000000000108f5a      0x24c binaries/nammap.o
                0x0000000000108f5a                nammap
                0x0000000000108ff8                namrepl
                0x0000000000109149                namcpy
 .text          0x00000000001091a6       0x5d binaries/namopen.o
                0x00000000001091a6                namopen
 .text          0x0000000000109203     0x104f binaries/82545EMInit.o
                0x0000000000109280                _82545EMInit
                0x000000000010a0a4                _82545EM_read_phy_reg
                0x000000000010a17a                _82545EM_write_phy_reg
 .text          0x000000000010a252      0x27e binaries/ethcontrol.o
                0x000000000010a2cf                ethcontrol
                0x000000000010a44d                ethIrqDisable
                0x000000000010a48d                ethIrqEnable
 .text          0x000000000010a4d0      0x296 binaries/ethhandler.o
                0x000000000010a672                ethhandler
 .text          0x000000000010a766      0x136 binaries/ethinit.o
                0x000000000010a766                ethinit
 .text          0x000000000010a89c      0x21e binaries/ethread.o
                0x000000000010a919                ethread
 .text          0x000000000010aaba      0x1c9 binaries/ethwrite.o
                0x000000000010ab37                ethwrite
 .text          0x000000000010ac83       0xaf binaries/rdsbufalloc.o
                0x000000000010ac83                rdsbufalloc
 .text          0x000000000010ad32       0xc6 binaries/rdsclose.o
                0x000000000010ad32                rdsclose
 .text          0x000000000010adf8      0x2f1 binaries/rdscomm.o
                0x000000000010adf8                rdscomm
 .text          0x000000000010b0e9      0x230 binaries/rdscontrol.o
                0x000000000010b0e9                rdscontrol
 .text          0x000000000010b319      0x1f6 binaries/rdsinit.o
                0x000000000010b319                rdsinit
 .text          0x000000000010b50f      0x19a binaries/rdsopen.o
                0x000000000010b50f                rdsopen
 .text          0x000000000010b6a9      0x473 binaries/rdsprocess.o
                0x000000000010b6a9                rdsprocess
 .text          0x000000000010bb1c      0x258 binaries/rdsread.o
                0x000000000010bb1c                rdsread
 .text          0x000000000010bd74      0x1f8 binaries/rdswrite.o
                0x000000000010bd74                rdswrite
 .text          0x000000000010bf6c       0x14 binaries/ramclose.o
                0x000000000010bf6c                ramclose
 .text          0x000000000010bf80       0x55 binaries/raminit.o
                0x000000000010bf80                raminit
 .text          0x000000000010bfd5       0x14 binaries/ramopen.o
                0x000000000010bfd5                ramopen
 .text          0x000000000010bfe9       0x47 binaries/ramread.o
                0x000000000010bfe9                ramread
 .text          0x000000000010c030       0x47 binaries/ramwrite.o
                0x000000000010c030                ramwrite
 .text          0x000000000010c077       0xc4 binaries/lfdballoc.o
                0x000000000010c077                lfdballoc
 .text          0x000000000010c13b       0x6c binaries/lfdbfree.o
                0x000000000010c13b                lfdbfree
 .text          0x000000000010c1a7       0xe4 binaries/lfflush.o
                0x000000000010c1a7                lfflush
 .text          0x000000000010c28b       0xea binaries/lfgetmode.o
                0x000000000010c28b                lfgetmode
 .text          0x000000000010c375       0x92 binaries/lfiballoc.o
                0x000000000010c375                lfiballoc
 .text          0x000000000010c407       0x46 binaries/lfibclear.o
                0x000000000010c407                lfibclear
 .text          0x000000000010c44d       0xbc binaries/lfibget.o
                0x000000000010c44d                lfibget
 .text          0x000000000010c509       0xeb binaries/lfibput.o
                0x000000000010c509                lfibput
 .text          0x000000000010c5f4       0xbf binaries/lflclose.o
                0x000000000010c5f4                lflclose
 .text          0x000000000010c6b3       0xee binaries/lflcontrol.o
                0x000000000010c6b3                lflcontrol
 .text          0x000000000010c7a1      0x106 binaries/lflgetc.o
                0x000000000010c7a1                lflgetc
 .text          0x000000000010c8a7      0x102 binaries/lflinit.o
                0x000000000010c8a7                lflinit
 .text          0x000000000010c9a9      0x13c binaries/lflputc.o
                0x000000000010c9a9                lflputc
 .text          0x000000000010cae5       0x80 binaries/lflread.o
                0x000000000010cae5                lflread
 .text          0x000000000010cb65       0xbf binaries/lflseek.o
                0x000000000010cb65                lflseek
 .text          0x000000000010cc24       0x66 binaries/lflwrite.o
                0x000000000010cc24                lflwrite
 .text          0x000000000010cc8a       0x6c binaries/lfscheck.o
                0x000000000010cc8a                lfscheck
 .text          0x000000000010ccf6      0x192 binaries/lfsckfmt.o
                0x000000000010ccf6                lfsckfmt
 .text          0x000000000010ce88      0x1f2 binaries/lfscreate.o
                0x000000000010ce88                lfscreate
 .text          0x000000000010d07a      0x2a5 binaries/lfsetup.o
                0x000000000010d07a                lfsetup
 .text          0x000000000010d31f       0x66 binaries/lfsinit.o
                0x000000000010d31f                lfsinit
 .text          0x000000000010d385      0x429 binaries/lfsopen.o
                0x000000000010d385                lfsopen
 .text          0x000000000010d7ae      0x18d binaries/lftruncate.o
                0x000000000010d7ae                lftruncate
 .text          0x000000000010d93b       0x8f binaries/rflclose.o
                0x000000000010d93b                rflclose
 .text          0x000000000010d9ca       0x43 binaries/rflgetc.o
                0x000000000010d9ca                rflgetc
 .text          0x000000000010da0d       0x87 binaries/rflinit.o
                0x000000000010da0d                rflinit
 .text          0x000000000010da94       0x43 binaries/rflputc.o
                0x000000000010da94                rflputc
 .text          0x000000000010dad7      0x393 binaries/rflread.o
                0x000000000010dad7                rflread
 .text          0x000000000010de6a       0x92 binaries/rflseek.o
                0x000000000010de6a                rflseek
 .text          0x000000000010defc      0x380 binaries/rflwrite.o
                0x000000000010defc                rflwrite
 .text          0x000000000010e27c      0x214 binaries/rfscomm.o
                0x000000000010e27c                rfscomm
 .text          0x000000000010e490      0x2b1 binaries/rfscontrol.o
                0x000000000010e490                rfscontrol
 .text          0x000000000010e741       0xea binaries/rfsgetmode.o
                0x000000000010e741                rfsgetmode
 .text          0x000000000010e82b       0x9f binaries/rfsinit.o
                0x000000000010e82b                rfsinit
 .text          0x000000000010e8ca      0x11b binaries/rfsndmsg.o
                0x000000000010e8ca                rfsndmsg
 .text          0x000000000010e9e5      0x2e3 binaries/rfsopen.o
                0x000000000010e9e5                rfsopen
 .text          0x000000000010ecc8       0x14 binaries/vgaclose.o
                0x000000000010ecc8                vgaclose
 .text          0x000000000010ecdc       0x8c binaries/vgainit.o
                0x000000000010ecdc                vgainit
 .text          0x000000000010ed68       0x14 binaries/vgaopen.o
                0x000000000010ed68                vgaopen
 .text          0x000000000010ed7c       0x14 binaries/vgaread.o
                0x000000000010ed7c                vgaread
 .text          0x000000000010ed90       0x22 binaries/vgaseek.o
                0x000000000010ed90                vgaseek
 .text          0x000000000010edb2       0x4c binaries/vgawrite.o
                0x000000000010edb2                vgawrite
 .text          0x000000000010edfe       0x14 binaries/miceclose.o
                0x000000000010edfe                miceclose
 .text          0x000000000010ee12      0x32c binaries/micehandler.o
                0x000000000010ee12                finish_mice
                0x000000000010ef49                micehandler
                0x000000000010f00e                micehandler2
 .text          0x000000000010f13e      0x10e binaries/miceinit.o
                0x000000000010f13e                miceinit
 .text          0x000000000010f24c       0x14 binaries/miceopen.o
                0x000000000010f24c                miceopen
 .text          0x000000000010f260       0x34 binaries/miceread.o
                0x000000000010f260                miceread
 .text          0x000000000010f294      0x104 binaries/miceutils.o
                0x000000000010f294                mouse_wait
                0x000000000010f30b                mouse_write
                0x000000000010f367                mouse_read
 .text          0x000000000010f398       0x14 binaries/micewrite.o
                0x000000000010f398                micewrite
 .text          0x000000000010f3ac       0x10 binaries/kbdclose.o
                0x000000000010f3ac                kbdclose
 .text          0x000000000010f3bc       0x89 binaries/kbdhandler.o
                0x000000000010f3bc                get_scancode
                0x000000000010f3e8                kbdhandler
 .text          0x000000000010f445      0x17a binaries/kbdinit.o
                0x000000000010f445                keyboard_wait
                0x000000000010f4bc                kbdinit
 .text          0x000000000010f5bf       0x10 binaries/kbdopen.o
                0x000000000010f5bf                kbdopen
 .text          0x000000000010f5cf       0x48 binaries/kbdread.o
                0x000000000010f5cf                kbdread
 .text          0x000000000010f617       0x14 binaries/kbdwrite.o
                0x000000000010f617                kbdwrite
 .text          0x000000000010f62b      0x15e binaries/ps2_shared_handler.o
                0x000000000010f62b                ps2_wait_input
                0x000000000010f697                ps2_command
                0x000000000010f6cc                ps2_shared_handler
 .text          0x000000000010f789      0x8ec binaries/arp.o
                0x000000000010f789                arp_init
                0x000000000010f7d0                arp_resolve
                0x000000000010fabf                arp_in
                0x000000000010fda3                arp_alloc
                0x000000000010fe87                arp_ntoh
                0x000000000010ff7e                arp_hton
 .text          0x0000000000110075      0x98b binaries/dhcp.o
                0x0000000000110075                dhcp_get_opt_val
                0x00000000001100db                dhcp_bld_bootp_msg
                0x0000000000110202                dhcp_bld_disc
                0x00000000001102f1                dhcp_bld_req
                0x0000000000110470                getlocalip
 .text          0x0000000000110a00      0x5da binaries/dns.o
                0x0000000000110a00                dnslookup
 .text          0x0000000000110fda       0xf1 binaries/dot2ip.o
                0x0000000000110fda                dot2ip
 .text          0x00000000001110cb      0x527 binaries/hexdump.o
                0x00000000001110cb                hexdump
                0x000000000011129a                hexadump
 .text          0x00000000001115f2      0x8fb binaries/icmp.o
                0x00000000001115f2                icmp_init
                0x000000000011162c                icmp_in
                0x0000000000111801                icmp_register
                0x00000000001118fe                icmp_recv
                0x0000000000111a95                icmp_send
                0x0000000000111b1e                icmp_mkpkt
                0x0000000000111c57                icmp_release
                0x0000000000111d5d                icmp_cksum
                0x0000000000111def                icmp_hton
                0x0000000000111e6e                icmp_ntoh
 .text          0x0000000000111eed      0x957 binaries/ip.o
                0x0000000000111eed                ip_in
                0x0000000000112092                ip_send
                0x0000000000112214                ip_local
                0x0000000000112273                ip_out
                0x00000000001123b0                ipcksum
                0x0000000000112438                ip_ntoh
                0x000000000011252f                ip_hton
                0x0000000000112626                ipout
                0x000000000011277d                ip_enqueue
 .text          0x0000000000112844      0x30b binaries/net.o
                0x0000000000112844                net_init
                0x0000000000112999                netin
                0x0000000000112a68                eth_hton
                0x0000000000112a9d                eth_ntoh
                0x0000000000112ad2                getport
 .text          0x0000000000112b4f     0x143c binaries/pdump.o
                0x0000000000112b4f                pdump
                0x00000000001138de                pdumph
 .text          0x0000000000113f8b      0x61b binaries/tftp.o
                0x0000000000113f8b                tftp_send1
                0x0000000000114100                tftpget
                0x0000000000114138                tftpget_mb
 .text          0x00000000001145a6      0xc00 binaries/udp.o
                0x00000000001145a6                udp_init
                0x00000000001145e0                udp_in
                0x000000000011472f                udp_register
                0x0000000000114874                udp_recv
                0x0000000000114a1c                udp_recvaddr
                0x0000000000114bdc                udp_send
                0x0000000000114ddc                udp_sendto
                0x0000000000114fa3                udp_release
                0x00000000001150a8                udp_ntoh
                0x0000000000115127                udp_hton
 .text          0x00000000001151a6        0x0 binaries/boss.o
 .text          0x00000000001151a6        0x0 binaries/enemy.o
 .text          0x00000000001151a6      0xaed binaries/galaga.o
                0x00000000001151a6                reading_keys
                0x00000000001151e1                KEY_DOWN_NOW
                0x000000000011521e                initialize
                0x00000000001159cc                collision
                0x0000000000115b38                endGame
                0x0000000000115ba1                galaga
 .text          0x0000000000115c93        0x0 binaries/gameover.o
 .text          0x0000000000115c93      0x214 binaries/mylib.o
                0x0000000000115c93                drawRect
                0x0000000000115d02                drawHollowRect
                0x0000000000115dd1                drawImage3
                0x0000000000115e56                delay_galaga
                0x0000000000115e81                waitForVBlank
 .text          0x0000000000115ea7        0x0 binaries/playerImage.o
 .text          0x0000000000115ea7        0x0 binaries/shoot.o
 .text          0x0000000000115ea7        0x0 binaries/titlescreen.o
 .text          0x0000000000115ea7      0x148 binaries/addargs.o
                0x0000000000115ea7                addargs
 .text          0x0000000000115fef        0x0 binaries/cmdtab.o
 .text          0x0000000000115fef       0xc5 binaries/keyboard.o
                0x0000000000115fef                keyboard_p
 .text          0x00000000001160b4      0x2f7 binaries/lexan.o
                0x00000000001160b4                lexan
 .text          0x00000000001163ab      0x20d binaries/mouse.o
                0x00000000001163ab                mouse_p
 .text          0x00000000001165b8      0x708 binaries/shell.o
                0x00000000001165b8                shell
 .text          0x0000000000116cc0       0x7f binaries/xsh_argecho.o
                0x0000000000116cc0                xsh_argecho
 .text          0x0000000000116d3f      0x2c6 binaries/xsh_arp.o
                0x0000000000116d3f                xsh_arp
 .text          0x0000000000117005      0x283 binaries/xsh_cat.o
                0x0000000000117005                xsh_cat
 .text          0x0000000000117288       0x73 binaries/xsh_clear.o
                0x0000000000117288                xsh_clear
 .text          0x00000000001172fb      0x32e binaries/xsh_date.o
                0x00000000001172fb                xsh_date
 .text          0x0000000000117629       0xbe binaries/xsh_devdump.o
                0x0000000000117629                xsh_devdump
 .text          0x00000000001176e7       0x88 binaries/xsh_echo.o
                0x00000000001176e7                xsh_echo
 .text          0x000000000011776f       0x14 binaries/xsh_exit.o
                0x000000000011776f                xsh_exit
 .text          0x0000000000117783      0x3dc binaries/xsh_help.o
                0x0000000000117783                xsh_help
 .text          0x0000000000117b5f      0x263 binaries/xsh_kill.o
                0x0000000000117b5f                xsh_kill
 .text          0x0000000000117dc2      0x58c binaries/xsh_memdump.o
                0x0000000000117dc2                xsh_memdump
 .text          0x000000000011834e      0x2fe binaries/xsh_memstat.o
                0x000000000011834e                xsh_memstat
 .text          0x000000000011864c      0x583 binaries/xsh_netinfo.o
                0x000000000011864c                xsh_netinfo
 .text          0x0000000000118bcf      0x4a4 binaries/xsh_ping.o
                0x0000000000118bcf                xsh_ping
 .text          0x0000000000119073      0x299 binaries/xsh_ps.o
                0x0000000000119073                xsh_ps
 .text          0x000000000011930c      0x241 binaries/xsh_sleep.o
                0x000000000011930c                xsh_sleep
 .text          0x000000000011954d      0x2be binaries/xsh_udpdump.o
                0x000000000011954d                xsh_udpdump
 .text          0x000000000011980b      0x53a binaries/xsh_udpecho.o
                0x000000000011980b                xsh_udpecho
 .text          0x0000000000119d45      0x2c0 binaries/xsh_udpserver.o
                0x0000000000119d45                xsh_udpeserver
 .text          0x000000000011a005      0x21f binaries/xsh_uptime.o
                0x000000000011a005                xsh_uptime
 .text          0x000000000011a224        0xe binaries/clkdisp.o
                0x000000000011a224                clkdisp
 .text          0x000000000011a232       0x19 binaries/ctxsw.o
                0x000000000011a232                ctxsw
 .text          0x000000000011a24b      0x368 binaries/intr.o
                0x000000000011a24b                disable
                0x000000000011a254                restore
                0x000000000011a262                enable
                0x000000000011a264                pause
                0x000000000011a26b                halt
                0x000000000011a26e                spurious_irq7
                0x000000000011a273                spurious_irq15
                0x000000000011a282                _Xint0
                0x000000000011a28d                _Xint1
                0x000000000011a298                _Xint2
                0x000000000011a2a3                _Xint3
                0x000000000011a2ae                _Xint4
                0x000000000011a2b9                _Xint5
                0x000000000011a2c4                _Xint6
                0x000000000011a2cf                _Xint7
                0x000000000011a2da                _Xint8
                0x000000000011a2e5                _Xint9
                0x000000000011a2f0                _Xint10
                0x000000000011a2fb                _Xint11
                0x000000000011a309                _Xint12
                0x000000000011a317                _Xint13
                0x000000000011a325                _Xint14
                0x000000000011a333                _Xint15
                0x000000000011a341                _Xint16
                0x000000000011a34f                _Xint17
                0x000000000011a35d                _Xint18
                0x000000000011a36b                _Xint19
                0x000000000011a379                _Xint20
                0x000000000011a387                _Xint21
                0x000000000011a395                _Xint22
                0x000000000011a3a3                _Xint23
                0x000000000011a3b1                _Xint24
                0x000000000011a3bf                _Xint25
                0x000000000011a3cd                _Xint26
                0x000000000011a3db                _Xint27
                0x000000000011a3e9                _Xint28
                0x000000000011a3f7                _Xint29
                0x000000000011a405                _Xint30
                0x000000000011a413                _Xint31
                0x000000000011a421                _Xint32
                0x000000000011a42f                _Xint33
                0x000000000011a43d                _Xint34
                0x000000000011a44b                _Xint35
                0x000000000011a459                _Xint36
                0x000000000011a467                _Xint37
                0x000000000011a475                _Xint38
                0x000000000011a483                _Xint39
                0x000000000011a491                _Xint40
                0x000000000011a49f                _Xint41
                0x000000000011a4ad                _Xint42
                0x000000000011a4bb                _Xint43
                0x000000000011a4c9                _Xint44
                0x000000000011a4d7                _Xint45
                0x000000000011a4e5                _Xint46
                0x000000000011a4f3                defevec
 .text          0x000000000011a5b3        0xf binaries/ttydispatch.o
                0x000000000011a5b3                ttydispatch
 .text          0x000000000011a5c2       0x13 binaries/ethdispatch.o
                0x000000000011a5c2                ethdispatch
 .text          0x000000000011a5d5        0xf binaries/ps2dispatch.o
                0x000000000011a5d5                ps2handlerirq
 *(.rodata .rodata.*)
 .rodata        0x000000000011a5e4       0x8e binaries/ascdate.o
 .rodata        0x000000000011a672       0xc1 binaries/conf.o
 *fill*         0x000000000011a733        0x1 
 .rodata        0x000000000011a734      0x22f binaries/evec.o
 *fill*         0x000000000011a963        0x1 
 .rodata        0x000000000011a964       0x61 binaries/getutime.o
 *fill*         0x000000000011a9c5        0x3 
 .rodata        0x000000000011a9c8       0x90 binaries/i386.o
 .rodata        0x000000000011aa58      0x168 binaries/initialize.o
 .rodata        0x000000000011abc0       0x20 binaries/kill.o
 .rodata        0x000000000011abe0    0x3118e binaries/main.o
                0x000000000011abe0                catImage
 .rodata        0x000000000014bd6e        0xf binaries/panic.o
 *fill*         0x000000000014bd7d        0x3 
 .rodata        0x000000000014bd80      0x1ec binaries/pci.o
 .rodata        0x000000000014bf6c       0x1d binaries/ptinit.o
 *fill*         0x000000000014bf89        0x3 
 .rodata        0x000000000014bf8c       0x25 binaries/ptsend.o
 *fill*         0x000000000014bfb1        0x3 
 .rodata        0x000000000014bfb4       0xb7 binaries/stacktrace.o
 *fill*         0x000000000014c06b        0x1 
 .rodata        0x000000000014c06c       0x27 binaries/xdone.o
 *fill*         0x000000000014c093        0xd 
 .rodata        0x000000000014c0a0       0x81 binaries/ctype_.o
                0x000000000014c0a0                _ctype_
 *fill*         0x000000000014c121        0x3 
 .rodata        0x000000000014c124       0xee binaries/doprnt.o
 *fill*         0x000000000014c212        0x2 
 .rodata        0x000000000014c214       0xae binaries/fdoprnt.o
 *fill*         0x000000000014c2c2       0x1e 
 .rodata        0x000000000014c2e0      0x500 binaries/gui.o
 .rodata        0x000000000014c7e0       0x20 binaries/ttycontrol.o
 .rodata        0x000000000014c800       0x34 binaries/ttyhandler.o
 .rodata        0x000000000014c834       0x80 binaries/naminit.o
 .rodata        0x000000000014c8b4       0x50 binaries/82545EMInit.o
 .rodata        0x000000000014c904       0x78 binaries/ethinit.o
 .rodata        0x000000000014c97c       0x18 binaries/ethread.o
 .rodata        0x000000000014c994       0x2c binaries/rdsbufalloc.o
 .rodata        0x000000000014c9c0       0x76 binaries/rdscomm.o
 *fill*         0x000000000014ca36        0x2 
 .rodata        0x000000000014ca38       0x48 binaries/rdscontrol.o
 .rodata        0x000000000014ca80       0x96 binaries/rdsinit.o
 *fill*         0x000000000014cb16        0x2 
 .rodata        0x000000000014cb18       0x22 binaries/rdsopen.o
 *fill*         0x000000000014cb3a        0x2 
 .rodata        0x000000000014cb3c       0x4d binaries/rdsprocess.o
 .rodata        0x000000000014cb89        0x9 binaries/raminit.o
 *fill*         0x000000000014cb92        0x2 
 .rodata        0x000000000014cb94       0x37 binaries/lfdballoc.o
 .rodata        0x000000000014cbcb       0x14 binaries/lfiballoc.o
 *fill*         0x000000000014cbdf        0x1 
 .rodata        0x000000000014cbe0       0x23 binaries/lflcontrol.o
 *fill*         0x000000000014cc03        0x1 
 .rodata        0x000000000014cc04      0x11b binaries/lfsckfmt.o
 *fill*         0x000000000014cd1f        0x1 
 .rodata        0x000000000014cd20       0x2a binaries/lfsopen.o
 *fill*         0x000000000014cd4a        0x2 
 .rodata        0x000000000014cd4c       0x21 binaries/rflread.o
 *fill*         0x000000000014cd6d        0x3 
 .rodata        0x000000000014cd70       0x21 binaries/rflwrite.o
 *fill*         0x000000000014cd91        0x3 
 .rodata        0x000000000014cd94       0x75 binaries/rfscomm.o
 *fill*         0x000000000014ce09        0x3 
 .rodata        0x000000000014ce0c       0x3c binaries/rfscontrol.o
 .rodata        0x000000000014ce48       0x63 binaries/rfsinit.o
 *fill*         0x000000000014ceab        0x1 
 .rodata        0x000000000014ceac       0x2a binaries/rfsndmsg.o
 *fill*         0x000000000014ced6        0x2 
 .rodata        0x000000000014ced8       0x22 binaries/rfsopen.o
 *fill*         0x000000000014cefa        0x2 
 .rodata        0x000000000014cefc       0x3a binaries/arp.o
 *fill*         0x000000000014cf36        0x2 
 .rodata        0x000000000014cf38       0xcf binaries/dhcp.o
 .rodata        0x000000000014d007       0x1a binaries/dns.o
 *fill*         0x000000000014d021        0x3 
 .rodata        0x000000000014d024       0xc9 binaries/hexdump.o
 *fill*         0x000000000014d0ed        0x3 
 .rodata        0x000000000014d0f0       0x29 binaries/icmp.o
 *fill*         0x000000000014d119        0x3 
 .rodata        0x000000000014d11c       0x6e binaries/ip.o
 *fill*         0x000000000014d18a        0x2 
 .rodata        0x000000000014d18c       0x4f binaries/net.o
 *fill*         0x000000000014d1db        0x1 
 .rodata        0x000000000014d1dc      0x26f binaries/pdump.o
 *fill*         0x000000000014d44b        0x1 
 .rodata        0x000000000014d44c      0x154 binaries/tftp.o
 .rodata        0x000000000014d5a0      0x1c2 binaries/boss.o
                0x000000000014d5a0                boss
 *fill*         0x000000000014d762       0x1e 
 .rodata        0x000000000014d780      0x320 binaries/enemy.o
                0x000000000014d780                enemy
 .rodata        0x000000000014daa0        0xd binaries/galaga.o
 *fill*         0x000000000014daad       0x13 
 .rodata        0x000000000014dac0    0x12c00 binaries/gameover.o
                0x000000000014dac0                gameover
 .rodata        0x00000000001606c0      0x480 binaries/playerImage.o
                0x00000000001606c0                playerImage
 .rodata        0x0000000000160b40       0x32 binaries/shoot.o
                0x0000000000160b40                shoot
 *fill*         0x0000000000160b72        0xe 
 .rodata        0x0000000000160b80    0x12c00 binaries/titlescreen.o
                0x0000000000160b80                titlescreen
 .rodata        0x0000000000173780       0x84 binaries/cmdtab.o
 .rodata        0x0000000000173804        0xf binaries/keyboard.o
 *fill*         0x0000000000173813        0x1 
 .rodata        0x0000000000173814       0xe1 binaries/mouse.o
 *fill*         0x00000000001738f5        0x3 
 .rodata        0x00000000001738f8      0x271 binaries/shell.o
 .rodata        0x0000000000173b69       0x28 binaries/xsh_argecho.o
 *fill*         0x0000000000173b91        0x3 
 .rodata        0x0000000000173b94      0x123 binaries/xsh_arp.o
 *fill*         0x0000000000173cb7        0x1 
 .rodata        0x0000000000173cb8       0xc9 binaries/xsh_cat.o
 .rodata        0x0000000000173d81       0x19 binaries/xsh_clear.o
 *fill*         0x0000000000173d9a        0x2 
 .rodata        0x0000000000173d9c      0x1c3 binaries/xsh_date.o
 .rodata        0x0000000000173f5f       0x5d binaries/xsh_devdump.o
 .rodata        0x0000000000173fbc        0x9 binaries/xsh_echo.o
 *fill*         0x0000000000173fc5        0x3 
 .rodata        0x0000000000173fc8      0x169 binaries/xsh_help.o
 *fill*         0x0000000000174131        0x3 
 .rodata        0x0000000000174134      0x12e binaries/xsh_kill.o
 *fill*         0x0000000000174262        0x2 
 .rodata        0x0000000000174264      0x266 binaries/xsh_memdump.o
 *fill*         0x00000000001744ca        0x2 
 .rodata        0x00000000001744cc      0x225 binaries/xsh_memstat.o
 *fill*         0x00000000001746f1        0x3 
 .rodata        0x00000000001746f4      0x1b0 binaries/xsh_netinfo.o
 .rodata        0x00000000001748a4      0x1a1 binaries/xsh_ping.o
 *fill*         0x0000000000174a45        0x3 
 .rodata        0x0000000000174a48      0x1a8 binaries/xsh_ps.o
 .rodata        0x0000000000174bf0       0xeb binaries/xsh_sleep.o
 *fill*         0x0000000000174cdb        0x1 
 .rodata        0x0000000000174cdc      0x1b8 binaries/xsh_udpdump.o
 .rodata        0x0000000000174e94      0x23b binaries/xsh_udpecho.o
 *fill*         0x00000000001750cf        0x1 
 .rodata        0x00000000001750d0      0x12b binaries/xsh_udpserver.o
 *fill*         0x00000000001751fb        0x1 
 .rodata        0x00000000001751fc      0x105 binaries/xsh_uptime.o
                0x0000000000175301                etext = ABSOLUTE (.)
                0x0000000000176000                . = ALIGN (0x1000)
 *fill*         0x0000000000175301      0xcff 

.eh_frame       0x0000000000176000     0x373c
 .eh_frame      0x0000000000176000       0x58 binaries/ascdate.o
 .eh_frame      0x0000000000176058       0x34 binaries/bufinit.o
                                         0x4c (size before relaxing)
 .eh_frame      0x000000000017608c       0x38 binaries/chprio.o
                                         0x50 (size before relaxing)
 .eh_frame      0x00000000001760c4       0x24 binaries/clkhandler.o
                                         0x50 (size before relaxing)
 .eh_frame      0x00000000001760e8       0x24 binaries/clkinit.o
                                         0x50 (size before relaxing)
 .eh_frame      0x000000000017610c       0x24 binaries/close.o
                                         0x50 (size before relaxing)
 .eh_frame      0x0000000000176130       0x24 binaries/control.o
                                         0x50 (size before relaxing)
 .eh_frame      0x0000000000176154       0x48 binaries/create.o
                                         0x88 (size before relaxing)
 .eh_frame      0x000000000017619c       0x6c binaries/evec.o
                                         0xac (size before relaxing)
 .eh_frame      0x0000000000176208       0x24 binaries/exit.o
                                         0x50 (size before relaxing)
 .eh_frame      0x000000000017622c       0x24 binaries/freebuf.o
                                         0x50 (size before relaxing)
 .eh_frame      0x0000000000176250       0x24 binaries/freemem.o
                                         0x50 (size before relaxing)
 .eh_frame      0x0000000000176274       0x24 binaries/getbuf.o
                                         0x50 (size before relaxing)
 .eh_frame      0x0000000000176298       0x24 binaries/getc.o
                                         0x50 (size before relaxing)
 .eh_frame      0x00000000001762bc       0x24 binaries/getdev.o
                                         0x50 (size before relaxing)
 .eh_frame      0x00000000001762e0       0x64 binaries/getitem.o
                                         0x90 (size before relaxing)
 .eh_frame      0x0000000000176344       0x24 binaries/getmem.o
                                         0x50 (size before relaxing)
 .eh_frame      0x0000000000176368       0x20 binaries/getpid.o
                                         0x4c (size before relaxing)
 .eh_frame      0x0000000000176388       0x24 binaries/getprio.o
                                         0x50 (size before relaxing)
 .eh_frame      0x00000000001763ac       0x24 binaries/getstk.o
                                         0x50 (size before relaxing)
 .eh_frame      0x00000000001763d0       0x20 binaries/getticks.o
                                         0x4c (size before relaxing)
 .eh_frame      0x00000000001763f0       0x24 binaries/gettime.o
                                         0x50 (size before relaxing)
 .eh_frame      0x0000000000176414       0x24 binaries/getutime.o
                                         0x50 (size before relaxing)
 .eh_frame      0x0000000000176438       0x9c binaries/i386.o
                                         0xc8 (size before relaxing)
 .eh_frame      0x00000000001764d4       0x24 binaries/init.o
                                         0x50 (size before relaxing)
 .eh_frame      0x00000000001764f8       0xa4 binaries/initialize.o
                                         0xe4 (size before relaxing)
 .eh_frame      0x000000000017659c       0x24 binaries/insert.o
                                         0x50 (size before relaxing)
 .eh_frame      0x00000000001765c0       0x24 binaries/insertd.o
                                         0x50 (size before relaxing)
 .eh_frame      0x00000000001765e4       0x20 binaries/ioerr.o
                                         0x4c (size before relaxing)
 .eh_frame      0x0000000000176604       0x20 binaries/ionull.o
                                         0x4c (size before relaxing)
 .eh_frame      0x0000000000176624       0x2c binaries/kill.o
                                         0x58 (size before relaxing)
 .eh_frame      0x0000000000176650       0x6c binaries/kprintf.o
                                         0xac (size before relaxing)
 .eh_frame      0x00000000001766bc       0x28 binaries/main.o
                                         0x54 (size before relaxing)
 .eh_frame      0x00000000001766e4       0x48 binaries/mark.o
                                         0x74 (size before relaxing)
 .eh_frame      0x000000000017672c       0x20 binaries/meminit.o
                                         0x4c (size before relaxing)
 .eh_frame      0x000000000017674c       0x24 binaries/mkbufpool.o
                                         0x50 (size before relaxing)
 .eh_frame      0x0000000000176770       0x24 binaries/newqueue.o
                                         0x50 (size before relaxing)
 .eh_frame      0x0000000000176794       0x24 binaries/open.o
                                         0x50 (size before relaxing)
 .eh_frame      0x00000000001767b8       0x1c binaries/panic.o
                                         0x48 (size before relaxing)
 .eh_frame      0x00000000001767d4      0x1ec binaries/pci.o
                                        0x22c (size before relaxing)
 .eh_frame      0x00000000001769c0       0x24 binaries/ptclear.o
                                         0x50 (size before relaxing)
 .eh_frame      0x00000000001769e4       0x24 binaries/ptcount.o
                                         0x50 (size before relaxing)
 .eh_frame      0x0000000000176a08       0x24 binaries/ptcreate.o
                                         0x50 (size before relaxing)
 .eh_frame      0x0000000000176a2c       0x24 binaries/ptdelete.o
                                         0x50 (size before relaxing)
 .eh_frame      0x0000000000176a50       0x24 binaries/ptinit.o
                                         0x50 (size before relaxing)
 .eh_frame      0x0000000000176a74       0x24 binaries/ptrecv.o
                                         0x50 (size before relaxing)
 .eh_frame      0x0000000000176a98       0x24 binaries/ptreset.o
                                         0x50 (size before relaxing)
 .eh_frame      0x0000000000176abc       0x24 binaries/ptsend.o
                                         0x50 (size before relaxing)
 .eh_frame      0x0000000000176ae0       0x24 binaries/putc.o
                                         0x50 (size before relaxing)
 .eh_frame      0x0000000000176b04       0x44 binaries/queue.o
                                         0x84 (size before relaxing)
 .eh_frame      0x0000000000176b48       0x24 binaries/read.o
                                         0x50 (size before relaxing)
 .eh_frame      0x0000000000176b6c       0x28 binaries/ready.o
                                         0x54 (size before relaxing)
 .eh_frame      0x0000000000176b94       0x24 binaries/receive.o
                                         0x50 (size before relaxing)
 .eh_frame      0x0000000000176bb8       0x24 binaries/recvclr.o
                                         0x50 (size before relaxing)
 .eh_frame      0x0000000000176bdc       0x24 binaries/recvtime.o
                                         0x50 (size before relaxing)
 .eh_frame      0x0000000000176c00       0x44 binaries/resched.o
                                         0x84 (size before relaxing)
 .eh_frame      0x0000000000176c44       0x24 binaries/resume.o
                                         0x50 (size before relaxing)
 .eh_frame      0x0000000000176c68       0x24 binaries/seek.o
                                         0x50 (size before relaxing)
 .eh_frame      0x0000000000176c8c       0x24 binaries/semcount.o
                                         0x50 (size before relaxing)
 .eh_frame      0x0000000000176cb0       0x48 binaries/semcreate.o
                                         0x88 (size before relaxing)
 .eh_frame      0x0000000000176cf8       0x24 binaries/semdelete.o
                                         0x50 (size before relaxing)
 .eh_frame      0x0000000000176d1c       0x24 binaries/semreset.o
                                         0x50 (size before relaxing)
 .eh_frame      0x0000000000176d40       0x24 binaries/send.o
                                         0x50 (size before relaxing)
 .eh_frame      0x0000000000176d64       0x24 binaries/signal.o
                                         0x50 (size before relaxing)
 .eh_frame      0x0000000000176d88       0x24 binaries/signaln.o
                                         0x50 (size before relaxing)
 .eh_frame      0x0000000000176dac       0x44 binaries/sleep.o
                                         0x84 (size before relaxing)
 .eh_frame      0x0000000000176df0       0x24 binaries/stacktrace.o
                                         0x50 (size before relaxing)
 .eh_frame      0x0000000000176e14       0x24 binaries/suspend.o
                                         0x50 (size before relaxing)
 .eh_frame      0x0000000000176e38       0x24 binaries/unsleep.o
                                         0x50 (size before relaxing)
 .eh_frame      0x0000000000176e5c       0x24 binaries/userret.o
                                         0x50 (size before relaxing)
 .eh_frame      0x0000000000176e80       0x24 binaries/wait.o
                                         0x50 (size before relaxing)
 .eh_frame      0x0000000000176ea4       0x24 binaries/wakeup.o
                                         0x50 (size before relaxing)
 .eh_frame      0x0000000000176ec8       0x24 binaries/write.o
                                         0x50 (size before relaxing)
 .eh_frame      0x0000000000176eec       0x24 binaries/xdone.o
                                         0x50 (size before relaxing)
 .eh_frame      0x0000000000176f10       0x24 binaries/yield.o
                                         0x50 (size before relaxing)
 .eh_frame      0x0000000000176f34       0x20 binaries/abs.o
                                         0x4c (size before relaxing)
 .eh_frame      0x0000000000176f54       0x20 binaries/atoi.o
                                         0x4c (size before relaxing)
 .eh_frame      0x0000000000176f74       0x20 binaries/atol.o
                                         0x4c (size before relaxing)
 .eh_frame      0x0000000000176f94       0x20 binaries/bzero.o
                                         0x4c (size before relaxing)
 .eh_frame      0x0000000000176fb4      0x104 binaries/doprnt.o
                                        0x144 (size before relaxing)
 .eh_frame      0x00000000001770b8       0xc8 binaries/doscan.o
                                         0xf4 (size before relaxing)
 .eh_frame      0x0000000000177180       0xd0 binaries/fdoprnt.o
                                        0x110 (size before relaxing)
 .eh_frame      0x0000000000177250       0x24 binaries/fgetc.o
                                         0x50 (size before relaxing)
 .eh_frame      0x0000000000177274       0x24 binaries/fgets.o
                                         0x50 (size before relaxing)
 .eh_frame      0x0000000000177298       0x24 binaries/fprintf.o
                                         0x50 (size before relaxing)
 .eh_frame      0x00000000001772bc       0x24 binaries/fputc.o
                                         0x50 (size before relaxing)
 .eh_frame      0x00000000001772e0       0x24 binaries/fputs.o
                                         0x50 (size before relaxing)
 .eh_frame      0x0000000000177304       0x68 binaries/fscanf.o
                                         0x94 (size before relaxing)
 .eh_frame      0x000000000017736c       0x24 binaries/getchar.o
                                         0x50 (size before relaxing)
 .eh_frame      0x0000000000177390      0x154 binaries/gui.o
                                        0x1a8 (size before relaxing)
 .eh_frame      0x00000000001774e4       0x20 binaries/labs.o
                                         0x4c (size before relaxing)
 .eh_frame      0x0000000000177504       0x20 binaries/memcmp.o
                                         0x4c (size before relaxing)
 .eh_frame      0x0000000000177524       0x24 binaries/memcpy.o
                                         0x50 (size before relaxing)
 .eh_frame      0x0000000000177548       0x24 binaries/memset.o
                                         0x50 (size before relaxing)
 .eh_frame      0x000000000017756c       0x24 binaries/printf.o
                                         0x50 (size before relaxing)
 .eh_frame      0x0000000000177590       0x24 binaries/putchar.o
                                         0x50 (size before relaxing)
 .eh_frame      0x00000000001775b4       0xa4 binaries/qsort.o
                                         0xd0 (size before relaxing)
 .eh_frame      0x0000000000177658       0x60 binaries/rand.o
                                         0x8c (size before relaxing)
 .eh_frame      0x00000000001776b8       0x44 binaries/sprintf.o
                                         0x70 (size before relaxing)
 .eh_frame      0x00000000001776fc       0x64 binaries/sscanf.o
                                         0x90 (size before relaxing)
 .eh_frame      0x0000000000177760       0x20 binaries/strchr.o
                                         0x4c (size before relaxing)
 .eh_frame      0x0000000000177780       0x20 binaries/strcmp.o
                                         0x4c (size before relaxing)
 .eh_frame      0x00000000001777a0       0x20 binaries/strcpy.o
                                         0x4c (size before relaxing)
 .eh_frame      0x00000000001777c0       0x20 binaries/strlen.o
                                         0x4c (size before relaxing)
 .eh_frame      0x00000000001777e0       0x20 binaries/strncat.o
                                         0x4c (size before relaxing)
 .eh_frame      0x0000000000177800       0x20 binaries/strncmp.o
                                         0x4c (size before relaxing)
 .eh_frame      0x0000000000177820       0x28 binaries/strncpy.o
                                         0x54 (size before relaxing)
 .eh_frame      0x0000000000177848       0x20 binaries/strnlen.o
                                         0x4c (size before relaxing)
 .eh_frame      0x0000000000177868       0x20 binaries/strrchr.o
                                         0x4c (size before relaxing)
 .eh_frame      0x0000000000177888       0x20 binaries/strstr.o
                                         0x4c (size before relaxing)
 .eh_frame      0x00000000001778a8       0x24 binaries/ttycontrol.o
                                         0x50 (size before relaxing)
 .eh_frame      0x00000000001778cc       0x24 binaries/ttygetc.o
                                         0x50 (size before relaxing)
 .eh_frame      0x00000000001778f0       0x88 binaries/ttyhandle_in.o
                                         0xdc (size before relaxing)
 .eh_frame      0x0000000000177978       0x24 binaries/ttyhandle_out.o
                                         0x50 (size before relaxing)
 .eh_frame      0x000000000017799c       0x24 binaries/ttyhandler.o
                                         0x50 (size before relaxing)
 .eh_frame      0x00000000001779c0       0x24 binaries/ttyinit.o
                                         0x50 (size before relaxing)
 .eh_frame      0x00000000001779e4       0x24 binaries/ttykickout.o
                                         0x50 (size before relaxing)
 .eh_frame      0x0000000000177a08       0x24 binaries/ttyputc.o
                                         0x50 (size before relaxing)
 .eh_frame      0x0000000000177a2c       0x24 binaries/ttyread.o
                                         0x50 (size before relaxing)
 .eh_frame      0x0000000000177a50       0x24 binaries/ttywrite.o
                                         0x50 (size before relaxing)
 .eh_frame      0x0000000000177a74       0x44 binaries/mount.o
                                         0x84 (size before relaxing)
 .eh_frame      0x0000000000177ab8       0x24 binaries/naminit.o
                                         0x50 (size before relaxing)
 .eh_frame      0x0000000000177adc       0x68 binaries/nammap.o
                                         0xa8 (size before relaxing)
 .eh_frame      0x0000000000177b44       0x24 binaries/namopen.o
                                         0x50 (size before relaxing)
 .eh_frame      0x0000000000177b68      0x15c binaries/82545EMInit.o
                                        0x19c (size before relaxing)
 .eh_frame      0x0000000000177cc4       0xac binaries/ethcontrol.o
                                         0xec (size before relaxing)
 .eh_frame      0x0000000000177d70       0x90 binaries/ethhandler.o
                                         0xd0 (size before relaxing)
 .eh_frame      0x0000000000177e00       0x24 binaries/ethinit.o
                                         0x50 (size before relaxing)
 .eh_frame      0x0000000000177e24       0x6c binaries/ethread.o
                                         0x98 (size before relaxing)
 .eh_frame      0x0000000000177e90       0x6c binaries/ethwrite.o
                                         0x98 (size before relaxing)
 .eh_frame      0x0000000000177efc       0x24 binaries/rdsbufalloc.o
                                         0x50 (size before relaxing)
 .eh_frame      0x0000000000177f20       0x20 binaries/rdsclose.o
                                         0x4c (size before relaxing)
 .eh_frame      0x0000000000177f40       0x24 binaries/rdscomm.o
                                         0x50 (size before relaxing)
 .eh_frame      0x0000000000177f64       0x24 binaries/rdscontrol.o
                                         0x50 (size before relaxing)
 .eh_frame      0x0000000000177f88       0x24 binaries/rdsinit.o
                                         0x50 (size before relaxing)
 .eh_frame      0x0000000000177fac       0x24 binaries/rdsopen.o
                                         0x50 (size before relaxing)
 .eh_frame      0x0000000000177fd0       0x1c binaries/rdsprocess.o
                                         0x48 (size before relaxing)
 .eh_frame      0x0000000000177fec       0x24 binaries/rdsread.o
                                         0x50 (size before relaxing)
 .eh_frame      0x0000000000178010       0x24 binaries/rdswrite.o
                                         0x50 (size before relaxing)
 .eh_frame      0x0000000000178034       0x20 binaries/ramclose.o
                                         0x4c (size before relaxing)
 .eh_frame      0x0000000000178054       0x24 binaries/raminit.o
                                         0x50 (size before relaxing)
 .eh_frame      0x0000000000178078       0x20 binaries/ramopen.o
                                         0x4c (size before relaxing)
 .eh_frame      0x0000000000178098       0x24 binaries/ramread.o
                                         0x50 (size before relaxing)
 .eh_frame      0x00000000001780bc       0x24 binaries/ramwrite.o
                                         0x50 (size before relaxing)
 .eh_frame      0x00000000001780e0       0x24 binaries/lfdballoc.o
                                         0x50 (size before relaxing)
 .eh_frame      0x0000000000178104       0x24 binaries/lfdbfree.o
                                         0x50 (size before relaxing)
 .eh_frame      0x0000000000178128       0x24 binaries/lfflush.o
                                         0x50 (size before relaxing)
 .eh_frame      0x000000000017814c       0x20 binaries/lfgetmode.o
                                         0x4c (size before relaxing)
 .eh_frame      0x000000000017816c       0x24 binaries/lfiballoc.o
                                         0x50 (size before relaxing)
 .eh_frame      0x0000000000178190       0x20 binaries/lfibclear.o
                                         0x4c (size before relaxing)
 .eh_frame      0x00000000001781b0       0x24 binaries/lfibget.o
                                         0x50 (size before relaxing)
 .eh_frame      0x00000000001781d4       0x24 binaries/lfibput.o
                                         0x50 (size before relaxing)
 .eh_frame      0x00000000001781f8       0x24 binaries/lflclose.o
                                         0x50 (size before relaxing)
 .eh_frame      0x000000000017821c       0x24 binaries/lflcontrol.o
                                         0x50 (size before relaxing)
 .eh_frame      0x0000000000178240       0x24 binaries/lflgetc.o
                                         0x50 (size before relaxing)
 .eh_frame      0x0000000000178264       0x24 binaries/lflinit.o
                                         0x50 (size before relaxing)
 .eh_frame      0x0000000000178288       0x24 binaries/lflputc.o
                                         0x50 (size before relaxing)
 .eh_frame      0x00000000001782ac       0x24 binaries/lflread.o
                                         0x50 (size before relaxing)
 .eh_frame      0x00000000001782d0       0x24 binaries/lflseek.o
                                         0x50 (size before relaxing)
 .eh_frame      0x00000000001782f4       0x24 binaries/lflwrite.o
                                         0x50 (size before relaxing)
 .eh_frame      0x0000000000178318       0x20 binaries/lfscheck.o
                                         0x4c (size before relaxing)
 .eh_frame      0x0000000000178338       0x24 binaries/lfsckfmt.o
                                         0x50 (size before relaxing)
 .eh_frame      0x000000000017835c       0x24 binaries/lfscreate.o
                                         0x50 (size before relaxing)
 .eh_frame      0x0000000000178380       0x24 binaries/lfsetup.o
                                         0x50 (size before relaxing)
 .eh_frame      0x00000000001783a4       0x24 binaries/lfsinit.o
                                         0x50 (size before relaxing)
 .eh_frame      0x00000000001783c8       0x24 binaries/lfsopen.o
                                         0x50 (size before relaxing)
 .eh_frame      0x00000000001783ec       0x24 binaries/lftruncate.o
                                         0x50 (size before relaxing)
 .eh_frame      0x0000000000178410       0x24 binaries/rflclose.o
                                         0x50 (size before relaxing)
 .eh_frame      0x0000000000178434       0x24 binaries/rflgetc.o
                                         0x50 (size before relaxing)
 .eh_frame      0x0000000000178458       0x20 binaries/rflinit.o
                                         0x4c (size before relaxing)
 .eh_frame      0x0000000000178478       0x24 binaries/rflputc.o
                                         0x50 (size before relaxing)
 .eh_frame      0x000000000017849c       0x24 binaries/rflread.o
                                         0x50 (size before relaxing)
 .eh_frame      0x00000000001784c0       0x24 binaries/rflseek.o
                                         0x50 (size before relaxing)
 .eh_frame      0x00000000001784e4       0x24 binaries/rflwrite.o
                                         0x50 (size before relaxing)
 .eh_frame      0x0000000000178508       0x24 binaries/rfscomm.o
                                         0x50 (size before relaxing)
 .eh_frame      0x000000000017852c       0x24 binaries/rfscontrol.o
                                         0x50 (size before relaxing)
 .eh_frame      0x0000000000178550       0x20 binaries/rfsgetmode.o
                                         0x4c (size before relaxing)
 .eh_frame      0x0000000000178570       0x24 binaries/rfsinit.o
                                         0x50 (size before relaxing)
 .eh_frame      0x0000000000178594       0x24 binaries/rfsndmsg.o
                                         0x50 (size before relaxing)
 .eh_frame      0x00000000001785b8       0x24 binaries/rfsopen.o
                                         0x50 (size before relaxing)
 .eh_frame      0x00000000001785dc       0x20 binaries/vgaclose.o
                                         0x4c (size before relaxing)
 .eh_frame      0x00000000001785fc       0x24 binaries/vgainit.o
                                         0x50 (size before relaxing)
 .eh_frame      0x0000000000178620       0x20 binaries/vgaopen.o
                                         0x4c (size before relaxing)
 .eh_frame      0x0000000000178640       0x20 binaries/vgaread.o
                                         0x4c (size before relaxing)
 .eh_frame      0x0000000000178660       0x20 binaries/vgaseek.o
                                         0x4c (size before relaxing)
 .eh_frame      0x0000000000178680       0x24 binaries/vgawrite.o
                                         0x50 (size before relaxing)
 .eh_frame      0x00000000001786a4       0x20 binaries/miceclose.o
                                         0x4c (size before relaxing)
 .eh_frame      0x00000000001786c4       0x64 binaries/micehandler.o
                                         0xa4 (size before relaxing)
 .eh_frame      0x0000000000178728       0x24 binaries/miceinit.o
                                         0x50 (size before relaxing)
 .eh_frame      0x000000000017874c       0x20 binaries/miceopen.o
                                         0x4c (size before relaxing)
 .eh_frame      0x000000000017876c       0x24 binaries/miceread.o
                                         0x50 (size before relaxing)
 .eh_frame      0x0000000000178790       0x6c binaries/miceutils.o
                                         0x98 (size before relaxing)
 .eh_frame      0x00000000001787fc       0x20 binaries/micewrite.o
                                         0x4c (size before relaxing)
 .eh_frame      0x000000000017881c       0x20 binaries/kbdclose.o
                                         0x4c (size before relaxing)
 .eh_frame      0x000000000017883c       0x48 binaries/kbdhandler.o
                                         0x88 (size before relaxing)
 .eh_frame      0x0000000000178884       0x48 binaries/kbdinit.o
                                         0x74 (size before relaxing)
 .eh_frame      0x00000000001788cc       0x20 binaries/kbdopen.o
                                         0x4c (size before relaxing)
 .eh_frame      0x00000000001788ec       0x24 binaries/kbdread.o
                                         0x50 (size before relaxing)
 .eh_frame      0x0000000000178910       0x20 binaries/kbdwrite.o
                                         0x4c (size before relaxing)
 .eh_frame      0x0000000000178930       0x74 binaries/ps2_shared_handler.o
                                         0xa0 (size before relaxing)
 .eh_frame      0x00000000001789a4       0xd0 binaries/arp.o
                                        0x124 (size before relaxing)
 .eh_frame      0x0000000000178a74       0xac binaries/dhcp.o
                                         0xec (size before relaxing)
 .eh_frame      0x0000000000178b20       0x90 binaries/dns.o
                                         0xd0 (size before relaxing)
 .eh_frame      0x0000000000178bb0       0x20 binaries/dot2ip.o
                                         0x4c (size before relaxing)
 .eh_frame      0x0000000000178bd0       0x48 binaries/hexdump.o
                                         0x74 (size before relaxing)
 .eh_frame      0x0000000000178c18      0x164 binaries/icmp.o
                                        0x1a4 (size before relaxing)
 .eh_frame      0x0000000000178d7c      0x130 binaries/ip.o
                                        0x170 (size before relaxing)
 .eh_frame      0x0000000000178eac       0xa8 binaries/net.o
                                         0xfc (size before relaxing)
 .eh_frame      0x0000000000178f54       0x60 binaries/pdump.o
                                         0xa0 (size before relaxing)
 .eh_frame      0x0000000000178fb4       0x68 binaries/tftp.o
                                         0xa8 (size before relaxing)
 .eh_frame      0x000000000017901c      0x15c binaries/udp.o
                                        0x19c (size before relaxing)
 .eh_frame      0x0000000000179178       0xd8 binaries/galaga.o
                                        0x118 (size before relaxing)
 .eh_frame      0x0000000000179250       0xbc binaries/mylib.o
                                         0xfc (size before relaxing)
 .eh_frame      0x000000000017930c       0x24 binaries/addargs.o
                                         0x50 (size before relaxing)
 .eh_frame      0x0000000000179330       0x1c binaries/keyboard.o
                                         0x48 (size before relaxing)
 .eh_frame      0x000000000017934c       0x20 binaries/lexan.o
                                         0x4c (size before relaxing)
 .eh_frame      0x000000000017936c       0x1c binaries/mouse.o
                                         0x48 (size before relaxing)
 .eh_frame      0x0000000000179388       0x2c binaries/shell.o
                                         0x58 (size before relaxing)
 .eh_frame      0x00000000001793b4       0x24 binaries/xsh_argecho.o
                                         0x50 (size before relaxing)
 .eh_frame      0x00000000001793d8       0x48 binaries/xsh_arp.o
                                         0x74 (size before relaxing)
 .eh_frame      0x0000000000179420       0x24 binaries/xsh_cat.o
                                         0x50 (size before relaxing)
 .eh_frame      0x0000000000179444       0x24 binaries/xsh_clear.o
                                         0x50 (size before relaxing)
 .eh_frame      0x0000000000179468       0x24 binaries/xsh_date.o
                                         0x50 (size before relaxing)
 .eh_frame      0x000000000017948c       0x24 binaries/xsh_devdump.o
                                         0x50 (size before relaxing)
 .eh_frame      0x00000000001794b0       0x24 binaries/xsh_echo.o
                                         0x50 (size before relaxing)
 .eh_frame      0x00000000001794d4       0x20 binaries/xsh_exit.o
                                         0x4c (size before relaxing)
 .eh_frame      0x00000000001794f4       0x24 binaries/xsh_help.o
                                         0x50 (size before relaxing)
 .eh_frame      0x0000000000179518       0x24 binaries/xsh_kill.o
                                         0x50 (size before relaxing)
 .eh_frame      0x000000000017953c       0x44 binaries/xsh_memdump.o
                                         0x84 (size before relaxing)
 .eh_frame      0x0000000000179580       0x6c binaries/xsh_memstat.o
                                         0x98 (size before relaxing)
 .eh_frame      0x00000000001795ec       0x30 binaries/xsh_netinfo.o
                                         0x5c (size before relaxing)
 .eh_frame      0x000000000017961c       0x2c binaries/xsh_ping.o
                                         0x58 (size before relaxing)
 .eh_frame      0x0000000000179648       0x30 binaries/xsh_ps.o
                                         0x5c (size before relaxing)
 .eh_frame      0x0000000000179678       0x24 binaries/xsh_sleep.o
                                         0x50 (size before relaxing)
 .eh_frame      0x000000000017969c       0x24 binaries/xsh_udpdump.o
                                         0x50 (size before relaxing)
 .eh_frame      0x00000000001796c0       0x2c binaries/xsh_udpecho.o
                                         0x58 (size before relaxing)
 .eh_frame      0x00000000001796ec       0x2c binaries/xsh_udpserver.o
                                         0x58 (size before relaxing)
 .eh_frame      0x0000000000179718       0x24 binaries/xsh_uptime.o
                                         0x50 (size before relaxing)

.iplt           0x000000000017973c        0x0
 .iplt          0x000000000017973c        0x0 binaries/start.o

.rel.dyn        0x000000000017973c        0x0
 .rel.got       0x000000000017973c        0x0 binaries/start.o
 .rel.iplt      0x000000000017973c        0x0 binaries/start.o
 .rel.text      0x000000000017973c        0x0 binaries/start.o

.data           0x0000000000179740     0x18c0
                0x0000000000179740                data = ABSOLUTE (.)
 *(.data .data.*)
 .data          0x0000000000179740      0x460 binaries/start.o
                0x0000000000179750                gdt
                0x0000000000179790                gdtr
                0x0000000000179796                idt
                0x0000000000179b96                idtr
                0x0000000000179b9c                cpudelay
 .data          0x0000000000179ba0        0x0 binaries/ascdate.o
 .data.rel.local
                0x0000000000179ba0       0x88 binaries/ascdate.o
                0x0000000000179ba0                Date
 .data          0x0000000000179c28        0x0 binaries/bufinit.o
 .data          0x0000000000179c28        0x0 binaries/chprio.o
 .data          0x0000000000179c28        0x4 binaries/clkhandler.o
 .data          0x0000000000179c2c        0x0 binaries/clkinit.o
 .data          0x0000000000179c2c        0x0 binaries/close.o
 .data          0x0000000000179c2c        0x0 binaries/conf.o
 *fill*         0x0000000000179c2c       0x14 
 .data.rel      0x0000000000179c40      0x654 binaries/conf.o
                0x0000000000179c40                devtab
 .data          0x000000000017a294        0x0 binaries/control.o
 .data          0x000000000017a294        0x4 binaries/create.o
 .data          0x000000000017a298        0x0 binaries/evec.o
 *fill*         0x000000000017a298        0x8 
 .data.rel.local
                0x000000000017a2a0       0x40 binaries/evec.o
                0x000000000017a2a0                inames
 .data          0x000000000017a2e0        0x0 binaries/exit.o
 .data          0x000000000017a2e0        0x0 binaries/freebuf.o
 .data          0x000000000017a2e0        0x0 binaries/freemem.o
 .data          0x000000000017a2e0        0x0 binaries/getbuf.o
 .data          0x000000000017a2e0        0x0 binaries/getc.o
 .data          0x000000000017a2e0        0x0 binaries/getdev.o
 .data          0x000000000017a2e0        0x0 binaries/getitem.o
 .data          0x000000000017a2e0        0x0 binaries/getmem.o
 .data          0x000000000017a2e0        0x0 binaries/getpid.o
 .data          0x000000000017a2e0        0x0 binaries/getprio.o
 .data          0x000000000017a2e0        0x0 binaries/getstk.o
 .data          0x000000000017a2e0        0x0 binaries/getticks.o
 .data          0x000000000017a2e0        0x0 binaries/gettime.o
 .data          0x000000000017a2e0        0x0 binaries/getutime.o
 .data          0x000000000017a2e0       0x40 binaries/i386.o
                0x000000000017a2e0                gdt_copy
 .data          0x000000000017a320        0x0 binaries/init.o
 .data          0x000000000017a320        0x0 binaries/initialize.o
 .data          0x000000000017a320        0x0 binaries/insert.o
 .data          0x000000000017a320        0x0 binaries/insertd.o
 .data          0x000000000017a320        0x0 binaries/ioerr.o
 .data          0x000000000017a320        0x0 binaries/ionull.o
 .data          0x000000000017a320        0x0 binaries/kill.o
 .data          0x000000000017a320        0x0 binaries/kprintf.o
 .data          0x000000000017a320        0x0 binaries/main.o
 .data          0x000000000017a320        0x0 binaries/mark.o
 .data          0x000000000017a320        0x0 binaries/meminit.o
 .data          0x000000000017a320        0x0 binaries/mkbufpool.o
 .data          0x000000000017a320        0x2 binaries/newqueue.o
 .data          0x000000000017a322        0x0 binaries/open.o
 .data          0x000000000017a322        0x0 binaries/panic.o
 *fill*         0x000000000017a322        0x2 
 .data          0x000000000017a324       0x10 binaries/pci.o
 .data          0x000000000017a334        0x0 binaries/ptclear.o
 .data          0x000000000017a334        0x0 binaries/ptcount.o
 .data          0x000000000017a334        0x0 binaries/ptcreate.o
 .data          0x000000000017a334        0x0 binaries/ptdelete.o
 .data          0x000000000017a334        0x0 binaries/ptinit.o
 .data          0x000000000017a334        0x0 binaries/ptrecv.o
 .data          0x000000000017a334        0x0 binaries/ptreset.o
 .data          0x000000000017a334        0x0 binaries/ptsend.o
 .data          0x000000000017a334        0x0 binaries/putc.o
 .data          0x000000000017a334        0x0 binaries/queue.o
 .data          0x000000000017a334        0x0 binaries/read.o
 .data          0x000000000017a334        0x0 binaries/ready.o
 .data          0x000000000017a334        0x0 binaries/receive.o
 .data          0x000000000017a334        0x0 binaries/recvclr.o
 .data          0x000000000017a334        0x0 binaries/recvtime.o
 .data          0x000000000017a334        0x0 binaries/resched.o
 .data          0x000000000017a334        0x0 binaries/resume.o
 .data          0x000000000017a334        0x0 binaries/seek.o
 .data          0x000000000017a334        0x0 binaries/semcount.o
 .data          0x000000000017a334        0x0 binaries/semcreate.o
 .data          0x000000000017a334        0x0 binaries/semdelete.o
 .data          0x000000000017a334        0x0 binaries/semreset.o
 .data          0x000000000017a334        0x0 binaries/send.o
 .data          0x000000000017a334        0x0 binaries/signal.o
 .data          0x000000000017a334        0x0 binaries/signaln.o
 .data          0x000000000017a334        0x0 binaries/sleep.o
 .data          0x000000000017a334        0x0 binaries/stacktrace.o
 .data          0x000000000017a334        0x0 binaries/suspend.o
 .data          0x000000000017a334        0x0 binaries/unsleep.o
 .data          0x000000000017a334        0x0 binaries/userret.o
 .data          0x000000000017a334        0x0 binaries/wait.o
 .data          0x000000000017a334        0x0 binaries/wakeup.o
 .data          0x000000000017a334        0x0 binaries/write.o
 .data          0x000000000017a334        0x0 binaries/xdone.o
 .data          0x000000000017a334        0x0 binaries/yield.o
 .data          0x000000000017a334        0x0 binaries/abs.o
 .data          0x000000000017a334        0x0 binaries/atoi.o
 .data          0x000000000017a334        0x0 binaries/atol.o
 .data          0x000000000017a334        0x0 binaries/bzero.o
 .data          0x000000000017a334        0x0 binaries/ctype_.o
 .data          0x000000000017a334        0x0 binaries/doprnt.o
 *fill*         0x000000000017a334        0xc 
 .data          0x000000000017a340       0x80 binaries/doscan.o
                0x000000000017a340                _sctab
 .data          0x000000000017a3c0        0x0 binaries/fdoprnt.o
 .data          0x000000000017a3c0        0x0 binaries/fgetc.o
 .data          0x000000000017a3c0        0x0 binaries/fgets.o
 .data          0x000000000017a3c0        0x0 binaries/fprintf.o
 .data          0x000000000017a3c0        0x0 binaries/fputc.o
 .data          0x000000000017a3c0        0x0 binaries/fputs.o
 .data          0x000000000017a3c0        0x0 binaries/fscanf.o
 .data          0x000000000017a3c0        0x0 binaries/getchar.o
 .data          0x000000000017a3c0        0x0 binaries/gui.o
 .data          0x000000000017a3c0        0x0 binaries/labs.o
 .data          0x000000000017a3c0        0x0 binaries/memchr.o
 .data          0x000000000017a3c0        0x0 binaries/memcmp.o
 .data          0x000000000017a3c0        0x0 binaries/memcpy.o
 .data          0x000000000017a3c0        0x0 binaries/memset.o
 .data          0x000000000017a3c0        0x0 binaries/printf.o
 .data          0x000000000017a3c0        0x0 binaries/putchar.o
 .data          0x000000000017a3c0        0x0 binaries/qsort.o
 .data          0x000000000017a3c0        0x4 binaries/rand.o
 .data          0x000000000017a3c4        0x0 binaries/sprintf.o
 .data          0x000000000017a3c4        0x0 binaries/sscanf.o
 .data          0x000000000017a3c4        0x0 binaries/strchr.o
 .data          0x000000000017a3c4        0x0 binaries/strcmp.o
 .data          0x000000000017a3c4        0x0 binaries/strcpy.o
 .data          0x000000000017a3c4        0x0 binaries/strlen.o
 .data          0x000000000017a3c4        0x0 binaries/strncat.o
 .data          0x000000000017a3c4        0x0 binaries/strncmp.o
 .data          0x000000000017a3c4        0x0 binaries/strncpy.o
 .data          0x000000000017a3c4        0x0 binaries/strnlen.o
 .data          0x000000000017a3c4        0x0 binaries/strrchr.o
 .data          0x000000000017a3c4        0x0 binaries/strstr.o
 .data          0x000000000017a3c4        0x0 binaries/ttycontrol.o
 .data          0x000000000017a3c4        0x0 binaries/ttygetc.o
 .data          0x000000000017a3c4        0x0 binaries/ttyhandle_in.o
 .data          0x000000000017a3c4        0x0 binaries/ttyhandle_out.o
 .data          0x000000000017a3c4        0x0 binaries/ttyhandler.o
 .data          0x000000000017a3c4        0x0 binaries/ttyinit.o
 .data          0x000000000017a3c4        0x0 binaries/ttykickout.o
 .data          0x000000000017a3c4        0x0 binaries/ttyputc.o
 .data          0x000000000017a3c4        0x0 binaries/ttyread.o
 .data          0x000000000017a3c4        0x0 binaries/ttywrite.o
 .data          0x000000000017a3c4        0x0 binaries/mount.o
 .data          0x000000000017a3c4        0x0 binaries/naminit.o
 .data          0x000000000017a3c4        0x0 binaries/nammap.o
 .data          0x000000000017a3c4        0x0 binaries/namopen.o
 .data          0x000000000017a3c4        0x0 binaries/82545EMInit.o
 .data          0x000000000017a3c4        0x0 binaries/ethcontrol.o
 .data          0x000000000017a3c4        0x0 binaries/ethhandler.o
 .data          0x000000000017a3c4        0x0 binaries/ethinit.o
 .data          0x000000000017a3c4        0x0 binaries/ethread.o
 .data          0x000000000017a3c4        0x0 binaries/ethwrite.o
 .data          0x000000000017a3c4        0x0 binaries/rdsbufalloc.o
 .data          0x000000000017a3c4        0x0 binaries/rdsclose.o
 .data          0x000000000017a3c4        0x0 binaries/rdscomm.o
 .data          0x000000000017a3c4        0x0 binaries/rdscontrol.o
 .data          0x000000000017a3c4        0x0 binaries/rdsinit.o
 .data          0x000000000017a3c4        0x0 binaries/rdsopen.o
 .data          0x000000000017a3c4        0x0 binaries/rdsprocess.o
 .data          0x000000000017a3c4        0x0 binaries/rdsread.o
 .data          0x000000000017a3c4        0x0 binaries/rdswrite.o
 .data          0x000000000017a3c4        0x0 binaries/ramclose.o
 .data          0x000000000017a3c4        0x0 binaries/raminit.o
 .data          0x000000000017a3c4        0x0 binaries/ramopen.o
 .data          0x000000000017a3c4        0x0 binaries/ramread.o
 .data          0x000000000017a3c4        0x0 binaries/ramwrite.o
 .data          0x000000000017a3c4        0x0 binaries/lfdballoc.o
 .data          0x000000000017a3c4        0x0 binaries/lfdbfree.o
 .data          0x000000000017a3c4        0x0 binaries/lfflush.o
 .data          0x000000000017a3c4        0x0 binaries/lfgetmode.o
 .data          0x000000000017a3c4        0x0 binaries/lfiballoc.o
 .data          0x000000000017a3c4        0x0 binaries/lfibclear.o
 .data          0x000000000017a3c4        0x0 binaries/lfibget.o
 .data          0x000000000017a3c4        0x0 binaries/lfibput.o
 .data          0x000000000017a3c4        0x0 binaries/lflclose.o
 .data          0x000000000017a3c4        0x0 binaries/lflcontrol.o
 .data          0x000000000017a3c4        0x0 binaries/lflgetc.o
 .data          0x000000000017a3c4        0x0 binaries/lflinit.o
 .data          0x000000000017a3c4        0x0 binaries/lflputc.o
 .data          0x000000000017a3c4        0x0 binaries/lflread.o
 .data          0x000000000017a3c4        0x0 binaries/lflseek.o
 .data          0x000000000017a3c4        0x0 binaries/lflwrite.o
 .data          0x000000000017a3c4        0x0 binaries/lfscheck.o
 .data          0x000000000017a3c4        0x0 binaries/lfsckfmt.o